// Jest Snapshot v1, https://goo.gl/fbAQLP

exports[`Map matches the current snapshot 1`] = `
<div>
  <div
    style="position: relative; width: 600px; height: 400px;"
  />
</div>
`;
